0x0000 Fibonacci Sans Functions
0x1509 put 1 into r(5) using sub
0x1609 put 1 into r(6) using sub
0x070f put next word into r(7)
0x0014 number of iterations (B)
0x080f put next word into r(8) 
0x0400 address to store fibonacci (A)
0x7508 store r(5) into M[r(8)]
0x1889 sub (-1) from r(8) and store in r(8) now (A+1)
0x0779 add (-1) to r(7) and store in r(7)
0x7508 store r(6) into M[r(8)]
0x1889 sub (-1) from r(8) and store in r(8) now (A+2)
0x0779 add (-1) to r(7) and store in r(7)
0x0456 add r(5) r(6) and store in r(4) 
0x7408 store r(4) int M[r(8)]
0x1889 sub (-1) from r(8) and store in r(8) now (A+3)
0x0506 put r(6) into r(5)
0x0604 put r(4) into r(6)
0x0779 add (-1) to r(7) and store in r(7)
0xb7f0 if r(7) != 0  go to 13
0x000d value 13
0x070f put next word into r(7)
0x0014 number of iterations (B)
0x080f put next word into r(8) 
0x0400 address to read fibonacci (A)
0xf008 print Mem[r(8)]
0x0779 subtract 1 from r(7)
0x1889 add 1 to r(8)
0xb7f0 if r(7) != 0  go to 25
0x0019 value 25
0xb900 break to 0 to halt